Il va faire beau aujourd'hui
Il va faire beau aujourd'hui
Il va faire beau aujourd'hui
Il va faire beau aujourd'hui
Il va faire beau aujourd'hui
Il va faire beau aujourd'hui
Il va faire beau ce soir
Il va faire beau ce soir
Il fera beau aujourd'hui à Grenoble
Ce soir, à Paris, il fera beau!
Il fera beau aujourd'hui à Avignon
Il fera beau aujourd'hui à Grenoble
Il va faire beau ce soir
Il fera beau aujourd'hui à Paris
Il va faire beau ce soir
Ce soir, à Grenoble, il fera beau!
Il va faire beau ce soir
Il va faire beau aujourd'hui
Il va faire beau aujourd'hui
Il va faire beau aujourd'hui
Il fera beau aujourd'hui à Grenoble
Il fera beau aujourd'hui à Grenoble
Il fera beau aujourd'hui à Grenoble
Ce soir, à Grenoble, il fera beau!
Il va faire beau aujourd'hui
Il va faire beau aujourd'hui
Il est grand temps d'avancer
Il fera beau aujourd'hui à Grenoble
Il fera beau aujourd'hui à Grenoble
Il va faire beau ce soir
Il fera beau aujourd'hui à Grenoble
Il va faire beau aujourd'hui
Il va faire beau aujourd'hui
Il va faire beau aujourd'hui
Il va faire beau aujourd'hui
Il va faire beau aujourd'hui
Ce soir, à Grenoble, il fera beau!
